// Jest Snapshot v1, https://goo.gl/fbAQLP

exports[`<TootButton /> renders as expected 1`] = `
<button
  className="btn btn-primary"
  data-testid="toot-button"
  onClick={[Function]}
>
  Toot
</button>
`;
